[now.gg/apps/roblox-corporation/5349/roblox.html]
[www.googletagservices.com/tag/js/f.txt]
[www.googletagmanager.com/gtmb819.js]
[now.gg/choice1ed7.js]
[backblue.gif]
[fade.gif]
[index.html]
[now.gg/3/play/assets/_next/static/media/black-bg.277c4714.jpg]
[now.gg/3/play/assets/_next/static/css/3d0ae4c613f4697f.css]
[now.gg/3/play/assets/_next/static/chunks/polyfills-5cd94c89d3acac5f.js]
[now.gg/3/play/assets/_next/static/chunks/webpack-b2c9ab14696b9155.js]
[now.gg/3/play/assets/_next/static/chunks/framework-0e1b29c5be962d52.js]
[now.gg/3/play/assets/_next/static/chunks/main-d59f0ad61824b1ab.js]
[now.gg/3/play/assets/_next/static/chunks/pages/_app-03c063a029a99095.js]
[now.gg/3/play/assets/_next/static/chunks/29107295-9f8d41ddc6a12863.js]
[now.gg/3/play/assets/_next/static/chunks/744-8bb35cecca823229.js]
[now.gg/3/play/assets/_next/static/chunks/935-422cc6f6b3ded2b0.js]
[now.gg/3/play/assets/_next/static/chunks/43-4a525766bd513683.js]
[now.gg/3/play/assets/_next/static/chunks/558-76ed58bfde029937.js]
[now.gg/3/play/assets/_next/static/chunks/537-c66a9f42a6d47a24.js]
[now.gg/3/play/assets/_next/static/chunks/977-295deb4392eda397.js]
[now.gg/3/play/assets/_next/static/chunks/714-740bae97cc6581b6.js]
[now.gg/3/play/assets/_next/static/chunks/494-45ab8b255773e709.js]
[now.gg/3/play/assets/_next/static/chunks/pages/apps/[dev-slug]/[id]/[pub-slug]-7d431df0258160c3.js]
[now.gg/3/play/assets/_next/static/zG6RJ3qSjET_38bqTZIPs/_buildManifest.js]
[now.gg/3/play/assets/_next/static/zG6RJ3qSjET_38bqTZIPs/_ssgManifest.js]
[now.gg/3/play/assets/_next/static/zG6RJ3qSjET_38bqTZIPs/_middlewareManifest.js]
[cms-cdn.now.gg/cms-media/2023/12/66-Berry-Avenue-768x362.jpg]
[cms-cdn.now.gg/cms-media/2023/12/65-Adopt-Me-768x362.jpg]
[cms-cdn.now.gg/cms-media/2023/12/63-Blox-Fruits-768x362.jpg]
[cms-cdn.now.gg/cms-media/2023/10/image-1-768x432.png]
[cms-cdn.now.gg/cms-media/2023/08/Hero-Banner-768x252.jpg]
[cms-cdn.now.gg/cms-media/2021/10/Hero-Banner-768x252.jpg]
[cms-cdn.now.gg/cms-media/2021/12/140-Roblox-Games-768x384.jpg]
[cms-cdn.now.gg/cms-media/2023/07/TypeBrowse-1.png]
[cms-cdn.now.gg/cms-media/2023/07/TypeCasual.png]
[cms-cdn.now.gg/cms-media/2023/07/TypeStrategy.png]
[cms-cdn.now.gg/cms-media/2023/07/TypeSimulation.png]
[cms-cdn.now.gg/cms-media/2023/07/TypeRPG.png]
[cms-cdn.now.gg/cms-media/2023/07/TypeAction-1.png]
[cms-cdn.now.gg/cms-media/2023/07/TypeAdventure-1.png]
[cms-cdn.now.gg/cms-media/2023/07/TypePuzzle.png]
[cms-cdn.now.gg/cms-media/2023/07/TypeArcade-1.png]
[cms-cdn.now.gg/cms-media/2023/07/TypeSports.png]
[cms-cdn.now.gg/cms-media/2023/07/TypeCasino-1.png]
[cms-cdn.now.gg/cms-media/2023/07/TypeRacing.png]
[cms-cdn.now.gg/cms-media/2023/07/TypeCard-1.png]
[cms-cdn.now.gg/cms-media/2023/07/TypeEducational.png]
[cms-cdn.now.gg/cms-media/2023/07/TypeSocial.png]
[now.gg/3/play/assets/_next/static/media/hue.e6540d39.png]
[cdn.now.gg/nowgg-static/hue.png]
[cdn.now.gg/nowgg-static/fonts/fonts.css]
[now.gg/apps/roblox-corporation/5349/roblox.html]
[now.gg/choice1ed7.html]
[now.gg/3/play/assets/_next/static/css/3d0ae4c613f4697f.css]
[cdn.now.gg/nowgg-static/fonts/icomoon40fb.eot]
[cdn.now.gg/nowgg-static/fonts/icomoon40fb.ttf]
[cdn.now.gg/nowgg-static/fonts/icomoon40fb.woff]
[cdn.now.gg/nowgg-static/fonts/fonts.css]
[cdn.now.gg/nowgg-static/fonts/icomoon40fb.svg]
